// Jest Snapshot v1, https://goo.gl/fbAQLP

exports[`Footer should renders correctly 1`] = `
Array [
  <footer
    className="root"
  >
    <span
      className="count"
    >
      <strong>
        0 left
      </strong>
    </span>
    <ul
      className="filters"
    >
      <li>
        <a
          aria-current="page"
          className="link selected"
          href="/"
          onClick={[Function]}
          style={Object {}}
        >
          All
        </a>
      </li>
      <li>
        <a
          aria-current={null}
          className="link"
          href="/active"
          onClick={[Function]}
        >
          Active
        </a>
      </li>
      <li>
        <a
          aria-current={null}
          className="link"
          href="/completed"
          onClick={[Function]}
        >
          Completed
        </a>
      </li>
    </ul>
  </footer>,
  ",",
]
`;
